2024-09-16T13:51:35.560Z|0x3250|Using pre-set license
2024-09-16T13:51:35.561Z|0x3250|Built from '2022.3/staging' branch; Version is '2022.3.46f1 (8e9b8558c41a) revision 9345925'; Using compiler version '192829333'; Build Type 'Release'
2024-09-16T13:51:35.561Z|0x3250|OS: 'Windows 10  (10.0.19045) 64bit CoreSingleLanguage' Language: 'en' Physical Memory: 16267 MB
2024-09-16T13:51:35.561Z|0x3250|BatchMode: 1, IsHumanControllingUs: 0, StartBugReporterOnCrash: 0, Is64bit: 1, IsPro: 1
2024-09-16T13:51:35.576Z|0x3250|
COMMAND LINE ARGUMENTS:
2024-09-16T13:51:35.576Z|0x3250|C:\Program Files\Unity\Hub\Editor\2022.3.46f1\Editor\Unity.exe
2024-09-16T13:51:35.576Z|0x3250|-adb2
2024-09-16T13:51:35.576Z|0x3250|-batchMode
2024-09-16T13:51:35.576Z|0x3250|-noUpm
2024-09-16T13:51:35.576Z|0x3250|-name
2024-09-16T13:51:35.576Z|0x3250|AssetImportWorker1
2024-09-16T13:51:35.576Z|0x3250|-projectPath
2024-09-16T13:51:35.576Z|0x3250|D:/Projects/GameDev/Tools/EflatunLibraries/Eflatun.EventBus/Eflatun.EventBus
2024-09-16T13:51:35.576Z|0x3250|-logFile
2024-09-16T13:51:35.576Z|0x3250|Logs/AssetImportWorker1.log
2024-09-16T13:51:35.576Z|0x3250|-srvPort
2024-09-16T13:51:35.576Z|0x3250|50894
2024-09-16T13:51:35.577Z|0x3250|Successfully changed project path to: D:/Projects/GameDev/Tools/EflatunLibraries/Eflatun.EventBus/Eflatun.EventBus
2024-09-16T13:51:35.663Z|0x3250|D:/Projects/GameDev/Tools/EflatunLibraries/Eflatun.EventBus/Eflatun.EventBus
2024-09-16T13:51:35.664Z|0x3250|[UnityMemory] Configuration Parameters - Can be set up in boot.config
2024-09-16T13:51:35.664Z|0x3250|    "memorysetup-bucket-allocator-granularity=16"
2024-09-16T13:51:35.664Z|0x3250|    "memorysetup-bucket-allocator-bucket-count=8"
2024-09-16T13:51:35.664Z|0x3250|    "memorysetup-bucket-allocator-block-size=33554432"
2024-09-16T13:51:35.664Z|0x3250|    "memorysetup-bucket-allocator-block-count=8"
2024-09-16T13:51:35.664Z|0x3250|    "memorysetup-main-allocator-block-size=16777216"
2024-09-16T13:51:35.664Z|0x3250|    "memorysetup-thread-allocator-block-size=16777216"
2024-09-16T13:51:35.664Z|0x3250|    "memorysetup-gfx-main-allocator-block-size=16777216"
2024-09-16T13:51:35.664Z|0x3250|    "memorysetup-gfx-thread-allocator-block-size=16777216"
2024-09-16T13:51:35.664Z|0x3250|    "memorysetup-cache-allocator-block-size=4194304"
2024-09-16T13:51:35.664Z|0x3250|    "memorysetup-typetree-allocator-block-size=2097152"
2024-09-16T13:51:35.664Z|0x3250|    "memorysetup-profiler-bucket-allocator-granularity=16"
2024-09-16T13:51:35.664Z|0x3250|    "memorysetup-profiler-bucket-allocator-bucket-count=8"
2024-09-16T13:51:35.664Z|0x3250|    "memorysetup-profiler-bucket-allocator-block-size=33554432"
2024-09-16T13:51:35.664Z|0x3250|    "memorysetup-profiler-bucket-allocator-block-count=8"
2024-09-16T13:51:35.664Z|0x3250|    "memorysetup-profiler-allocator-block-size=16777216"
2024-09-16T13:51:35.664Z|0x3250|    "memorysetup-profiler-editor-allocator-block-size=1048576"
2024-09-16T13:51:35.664Z|0x3250|    "memorysetup-temp-allocator-size-main=16777216"
2024-09-16T13:51:35.664Z|0x3250|    "memorysetup-job-temp-allocator-block-size=2097152"
2024-09-16T13:51:35.664Z|0x3250|    "memorysetup-job-temp-allocator-block-size-background=1048576"
2024-09-16T13:51:35.664Z|0x3250|    "memorysetup-job-temp-allocator-reduction-small-platforms=262144"
2024-09-16T13:51:35.664Z|0x3250|    "memorysetup-allocator-temp-initial-block-size-main=262144"
2024-09-16T13:51:35.664Z|0x3250|    "memorysetup-allocator-temp-initial-block-size-worker=262144"
2024-09-16T13:51:35.664Z|0x3250|    "memorysetup-temp-allocator-size-background-worker=32768"
2024-09-16T13:51:35.664Z|0x3250|    "memorysetup-temp-allocator-size-job-worker=262144"
2024-09-16T13:51:35.664Z|0x3250|    "memorysetup-temp-allocator-size-preload-manager=33554432"
2024-09-16T13:51:35.664Z|0x3250|    "memorysetup-temp-allocator-size-nav-mesh-worker=65536"
2024-09-16T13:51:35.664Z|0x3250|    "memorysetup-temp-allocator-size-audio-worker=65536"
2024-09-16T13:51:35.664Z|0x3250|    "memorysetup-temp-allocator-size-cloud-worker=32768"
2024-09-16T13:51:35.664Z|0x3250|    "memorysetup-temp-allocator-size-gi-baking-worker=262144"
2024-09-16T13:51:35.664Z|0x3250|    "memorysetup-temp-allocator-size-gfx=262144"
2024-09-16T13:51:35.682Z|0x3250|Player connection [12880]  Target information:

2024-09-16T13:51:35.682Z|0x3250|Player connection [12880]  * "[IP] 192.168.1.54 [Port] 0 [Flags] 2 [Guid] 3292344650 [EditorId] 3292344650 [Version] 1048832 [Id] WindowsEditor(7,Biruni) [Debug] 1 [PackageName] WindowsEditor [ProjectName] Editor" 

2024-09-16T13:51:35.686Z|0x3250|Player connection [12880] Host joined multi-casting on [225.0.0.222:54997]...
2024-09-16T13:51:35.687Z|0x3250|Player connection [12880] Host joined alternative multi-casting on [225.0.0.222:34997]...
2024-09-16T13:51:35.699Z|0x3250|[PhysX] Initialized MultithreadedTaskDispatcher with 8 workers.
2024-09-16T13:51:35.932Z|0x3250|Refreshing native plugins compatible for Editor in 17.45 ms, found 2 plugins.
2024-09-16T13:51:35.932Z|0x3250|Preloading 0 native plugins for Editor in 0.00 ms.
2024-09-16T13:51:35.933Z|0x3250|Initialize engine version: 2022.3.46f1 (8e9b8558c41a)
2024-09-16T13:51:35.934Z|0x3250|[Subsystems] Discovering subsystems at path C:/Program Files/Unity/Hub/Editor/2022.3.46f1/Editor/Data/Resources/UnitySubsystems
2024-09-16T13:51:35.934Z|0x3250|[Subsystems] Discovering subsystems at path D:/Projects/GameDev/Tools/EflatunLibraries/Eflatun.EventBus/Eflatun.EventBus/Assets
2024-09-16T13:51:35.934Z|0x3250|GfxDevice: creating device client; threaded=0; jobified=0
2024-09-16T13:51:36.360Z|0x3250|Direct3D:
2024-09-16T13:51:36.360Z|0x3250|    Version:  Direct3D 11.0 [level 11.0]
2024-09-16T13:51:36.360Z|0x3250|    Renderer: NVIDIA GeForce GTX 850M (ID=0x1391)
2024-09-16T13:51:36.360Z|0x3250|    Vendor:   NVIDIA
2024-09-16T13:51:36.360Z|0x3250|    VRAM:     4054 MB
2024-09-16T13:51:36.360Z|0x3250|    Driver:   31.0.15.3699
2024-09-16T13:51:36.467Z|0x3250|Initialize mono
2024-09-16T13:51:36.467Z|0x3250|Mono path[0] = 'C:/Program Files/Unity/Hub/Editor/2022.3.46f1/Editor/Data/Managed'
2024-09-16T13:51:36.467Z|0x3250|Mono path[1] = 'C:/Program Files/Unity/Hub/Editor/2022.3.46f1/Editor/Data/MonoBleedingEdge/lib/mono/unityjit-win32'
2024-09-16T13:51:36.467Z|0x3250|Mono config path = 'C:/Program Files/Unity/Hub/Editor/2022.3.46f1/Editor/Data/MonoBleedingEdge/etc'
2024-09-16T13:51:36.468Z|0x3250|Using monoOptions --debugger-agent=transport=dt_socket,embedding=1,server=y,suspend=n,address=127.0.0.1:56392
2024-09-16T13:51:36.594Z|0x3250|Begin MonoManager ReloadAssembly
2024-09-16T13:51:37.102Z|0x3250|Registering precompiled unity dll's ...
2024-09-16T13:51:37.114Z|0x3250|Register platform support module: C:/Program Files/Unity/Hub/Editor/2022.3.46f1/Editor/Data/PlaybackEngines/WindowsStandaloneSupport/UnityEditor.WindowsStandalone.Extensions.dll
2024-09-16T13:51:37.119Z|0x3250|Registered in 0.016734 seconds.
2024-09-16T13:51:37.616Z|0x3250|- Loaded All Assemblies, in  1.022 seconds
2024-09-16T13:51:37.734Z|0x3250|Native extension for WindowsStandalone target not found
2024-09-16T13:51:38.391Z|0x3250|Mono: successfully reloaded assembly
2024-09-16T13:51:38.429Z|0x3250|- Finished resetting the current domain, in  0.813 seconds
2024-09-16T13:51:38.430Z|0x3250|Domain Reload Profiling: 1832ms
	BeginReloadAssembly (312ms)
		ExecutionOrderSort (0ms)
		DisableScriptedObjects (0ms)
		BackupInstance (0ms)
		ReleaseScriptingObjects (0ms)
		CreateAndSetChildDomain (2ms)
	RebuildCommonClasses (95ms)
	RebuildNativeTypeToScriptingClass (33ms)
	initialDomainReloadingComplete (165ms)
	LoadAllAssembliesAndSetupDomain (413ms)
		LoadAssemblies (310ms)
		RebuildTransferFunctionScriptingTraits (0ms)
		AnalyzeDomain (406ms)
			TypeCache.Refresh (404ms)
				TypeCache.ScanAssembly (367ms)
			ScanForSourceGeneratedMonoScriptInfo (1ms)
			ResolveRequiredComponents (1ms)
	FinalizeReload (814ms)
		ReleaseScriptCaches (0ms)
		RebuildScriptCaches (0ms)
		SetupLoadedEditorAssemblies (682ms)
			LogAssemblyErrors (0ms)
			InitializePlatformSupportModulesInManaged (25ms)
			SetLoadedEditorAssemblies (49ms)
			RefreshPlugins (0ms)
			BeforeProcessingInitializeOnLoad (10ms)
			ProcessInitializeOnLoadAttributes (418ms)
			ProcessInitializeOnLoadMethodAttributes (179ms)
			AfterProcessingInitializeOnLoad (0ms)
			EditorAssembliesLoaded (0ms)
		ExecutionOrderSort2 (0ms)
		AwakeInstancesAfterBackupRestoration (0ms)
2024-09-16T13:51:38.706Z|0x3250|========================================================================
2024-09-16T13:51:38.706Z|0x3250|Worker process is ready to serve import requests
2024-09-16T13:51:39.381Z|0x3250|Caller must complete domain reload
2024-09-16T13:51:39.482Z|0x3250|Begin MonoManager ReloadAssembly
2024-09-16T13:51:41.060Z|0x3250|- Loaded All Assemblies, in  1.578 seconds
2024-09-16T13:51:41.379Z|0x3250|Native extension for WindowsStandalone target not found
2024-09-16T13:51:42.551Z|0x3250|Package Manager log level set to [2]
2024-09-16T13:51:42.551Z|0x3250|[Package Manager] Server::EnsureServerProcessIsRunning -- launch failed, reason: Unity was launched with the -noUpm command-line argument
2024-09-16T13:51:42.551Z|0x3250|[Package Manager] UpmClient::Send -- Unable to send message (not connected to UPM process).
2024-09-16T13:51:42.551Z|0x3250|[Package Manager] Cannot connect to Unity Package Manager local server
2024-09-16T13:51:42.903Z|0x3250|Mono: successfully reloaded assembly
2024-09-16T13:51:42.980Z|0x3250|- Finished resetting the current domain, in  1.920 seconds
2024-09-16T13:51:42.983Z|0x3250|Domain Reload Profiling: 3497ms
	BeginReloadAssembly (434ms)
		ExecutionOrderSort (0ms)
		DisableScriptedObjects (21ms)
		BackupInstance (0ms)
		ReleaseScriptingObjects (0ms)
		CreateAndSetChildDomain (60ms)
	RebuildCommonClasses (84ms)
	RebuildNativeTypeToScriptingClass (32ms)
	initialDomainReloadingComplete (100ms)
	LoadAllAssembliesAndSetupDomain (926ms)
		LoadAssemblies (754ms)
		RebuildTransferFunctionScriptingTraits (0ms)
		AnalyzeDomain (428ms)
			TypeCache.Refresh (386ms)
				TypeCache.ScanAssembly (334ms)
			ScanForSourceGeneratedMonoScriptInfo (29ms)
			ResolveRequiredComponents (11ms)
	FinalizeReload (1922ms)
		ReleaseScriptCaches (0ms)
		RebuildScriptCaches (0ms)
		SetupLoadedEditorAssemblies (1523ms)
			LogAssemblyErrors (0ms)
			InitializePlatformSupportModulesInManaged (17ms)
			SetLoadedEditorAssemblies (9ms)
			RefreshPlugins (0ms)
			BeforeProcessingInitializeOnLoad (189ms)
			ProcessInitializeOnLoadAttributes (1205ms)
			ProcessInitializeOnLoadMethodAttributes (80ms)
			AfterProcessingInitializeOnLoad (22ms)
			EditorAssembliesLoaded (0ms)
		ExecutionOrderSort2 (0ms)
		AwakeInstancesAfterBackupRestoration (17ms)
2024-09-16T13:51:43.295Z|0x3250|Launched and connected shader compiler UnityShaderCompiler.exe after 0.11 seconds
2024-09-16T13:51:43.377Z|0x3250|Refreshing native plugins compatible for Editor in 8.69 ms, found 2 plugins.
2024-09-16T13:51:43.377Z|0x3250|Preloading 0 native plugins for Editor in 0.00 ms.
2024-09-16T13:51:43.412Z|0x0640|Unloading 1754 Unused Serialized files (Serialized files now loaded: 0)
2024-09-16T13:51:43.418Z|0x3250|Unloading 23 unused Assets / (56.5 KB). Loaded Objects now: 2217.
Memory consumption went from 89.2 MB to 89.2 MB.
2024-09-16T13:51:43.418Z|0x3250|Total: 6.096500 ms (FindLiveObjects: 0.222400 ms CreateObjectMapping: 0.089500 ms MarkObjects: 5.602900 ms  DeleteObjects: 0.179700 ms)

2024-09-16T13:51:43.429Z|0x3250|AssetImportParameters requested are different than current active one (requested -> active):
2024-09-16T13:51:43.429Z|0x3250|  custom:video-decoder-webm-vp8: 9c59270c3fd7afecdb556c50c9e8de78 -> 
2024-09-16T13:51:43.429Z|0x3250|  custom:SearchIndexIgnoredProperties: e643bd26f0fe6173181afceb89e7c659 -> 
2024-09-16T13:51:43.429Z|0x3250|  custom:container-demuxer-ogg: 62fdf1f143b41e24485cea50d1cbac27 -> 
2024-09-16T13:51:43.429Z|0x3250|  custom:AudioImporter_EditorPlatform: d09bf68614088b80899f8185d706f6e7 -> 
2024-09-16T13:51:43.429Z|0x3250|  custom:video-decoder-ogg-theora: a1e56fd34408186e4bbccfd4996cb3dc -> 
2024-09-16T13:51:43.429Z|0x3250|  custom:framework-win-MediaFoundation: 216162199b28c13a410421893ffa2e32 -> 
2024-09-16T13:51:43.429Z|0x3250|  custom:video-encoder-webm-vp8: eb34c28f22e8b96e1ab97ce403110664 -> 
2024-09-16T13:51:43.429Z|0x3250|  custom:audio-decoder-ogg-vorbis: bf7c407c2cedff20999df2af8eb42d56 -> 
2024-09-16T13:51:43.429Z|0x3250|  custom:CustomObjectIndexerAttribute: 9a22284fe3817be447336de3de66b15e -> 
2024-09-16T13:51:43.429Z|0x3250|  custom:container-demuxer-webm: 4f35f7cbe854078d1ac9338744f61a02 -> 
2024-09-16T13:51:43.429Z|0x3250|  custom:audio-encoder-webm-vorbis: bf7c407c2cedff20999df2af8eb42d56 -> 
2024-09-16T13:51:43.429Z|0x3250|  custom:container-muxer-webm: aa71ff27fc2769a1b78a27578f13a17b -> 
